123.149.86.162 - - [18/Jun/2019:13:11:30 +0000] "GET /Public/theme/view4/picture/img_43.png HTTP/1.1" 304 0 "http://59.110.238.133/products_pay.html" "Mozilla/5.0 (Windows NT 10.0; WOW64) AppleWebKit/537.36 (KHTML, like Gecko) Chrome/69.0.3497.100 Safari/537.36" "-"
123.149.86.162 - - [18/Jun/2019:13:11:30 +0000] "GET /Public/theme/view4/picture/img_44.png HTTP/1.1" 304 0 "http://59.110.238.133/products_pay.html" "Mozilla/5.0 (Windows NT 10.0; WOW64) AppleWebKit/537.36 (KHTML, like Gecko) Chrome/69.0.3497.100 Safari/537.36" "-"
123.149.86.162 - - [18/Jun/2019:13:11:30 +0000] "GET /Public/theme/view4/picture/img_45.png HTTP/1.1" 304 0 "http://59.110.238.133/products_pay.html" "Mozilla/5.0 (Windows NT 10.0; WOW64) AppleWebKit/537.36 (KHTML, like Gecko) Chrome/69.0.3497.100 Safari/537.36" "-"
123.149.86.162 - - [18/Jun/2019:13:11:30 +0000] "GET /Public/theme/view4/picture/img_51.png HTTP/1.1" 200 31205 "http://59.110.238.133/products_pay.html" "Mozilla/5.0 (Windows NT 10.0; WOW64) AppleWebKit/537.36 (KHTML, like Gecko) Chrome/69.0.3497.100 Safari/537.36" "-"
123.149.86.162 - - [18/Jun/2019:13:11:30 +0000] "GET /Public/theme/view4/picture/products_banner_pay.png HTTP/1.1" 200 89280 "http://59.110.238.133/products_pay.html" "Mozilla/5.0 (Windows NT 10.0; WOW64) AppleWebKit/537.36 (KHTML, like Gecko) Chrome/69.0.3497.100 Safari/537.36" "-"
123.149.86.162 - - [18/Jun/2019:13:11:30 +0000] "GET /Public/theme/view4/picture/img_52.png HTTP/1.1" 200 30620 "http://59.110.238.133/products_pay.html" "Mozilla/5.0 (Windows NT 10.0; WOW64) AppleWebKit/537.36 (KHTML, like Gecko) Chrome/69.0.3497.100 Safari/537.36" "-"
123.149.86.162 - - [18/Jun/2019:13:11:30 +0000] "GET /Public/theme/view4/picture/mobile.png HTTP/1.1" 304 0 "http://59.110.238.133/products_pay.html" "Mozilla/5.0 (Windows NT 10.0; WOW64) AppleWebKit/537.36 (KHTML, like Gecko) Chrome/69.0.3497.100 Safari/537.36" "-"
123.149.86.162 - - [18/Jun/2019:13:11:30 +0000] "GET /Public/theme/view4/images/img_25.png HTTP/1.1" 304 0 "http://59.110.238.133/Public/theme/view4/css/style.css" "Mozilla/5.0 (Windows NT 10.0; WOW64) AppleWebKit/537.36 (KHTML, like Gecko) Chrome/69.0.3497.100 Safari/537.36" "-"
123.149.86.162 - - [18/Jun/2019:13:11:30 +0000] "GET /favicon.ico HTTP/1.1" 304 0 "http://59.110.238.133/products_pay.html" "Mozilla/5.0 (Windows NT 10.0; WOW64) AppleWebKit/537.36 (KHTML, like Gecko) Chrome/69.0.3497.100 Safari/537.36" "-"
123.149.86.162 - - [18/Jun/2019:13:11:30 +0000] "GET /products_pay.html HTTP/1.1" 304 0 "-" "Mozilla/5.0 (Windows NT 10.0; WOW64) AppleWebKit/537.36 (KHTML, like Gecko) Chrome/69.0.3497.100 Safari/537.36" "-"
180.163.220.66 - - [18/Jun/2019:13:11:31 +0000] "GET /products_food.html HTTP/1.1" 200 11531 "-" "Mozilla/5.0 (Windows NT 6.1) AppleWebKit/537.36 (KHTML, like Gecko) Chrome/36.0.1985.125 Safari/537.36" "-"
180.163.220.66 - - [18/Jun/2019:13:11:32 +0000] "GET /Public/theme/view4/css/qietu.css HTTP/1.1" 200 3309 "http://59.110.238.133/products_food.html" "Mozilla/5.0 (Windows NT 6.1) AppleWebKit/537.36 (KHTML, like Gecko) Chrome/36.0.1985.125 Safari/537.36" "-"
180.163.220.4 - - [18/Jun/2019:13:11:32 +0000] "GET /Public/theme/view4/css/iconfont.css HTTP/1.1" 200 1959 "http://59.110.238.133/products_food.html" "Mozilla/5.0 (Windows NT 6.1) AppleWebKit/537.36 (KHTML, like Gecko) Chrome/36.0.1985.125 Safari/537.36" "-"
180.163.220.5 - - [18/Jun/2019:13:11:32 +0000] "GET /Public/theme/view4/css/animate.min.css HTTP/1.1" 200 63674 "http://59.110.238.133/products_food.html" "Mozilla/5.0 (Windows NT 6.1) AppleWebKit/537.36 (KHTML, like Gecko) Chrome/36.0.1985.125 Safari/537.36" "-"
180.163.220.5 - - [18/Jun/2019:13:11:32 +0000] "GET /Public/theme/view4/css/responsive.css HTTP/1.1" 200 17009 "http://59.110.238.133/products_food.html" "Mozilla/5.0 (Windows NT 6.1) AppleWebKit/537.36 (KHTML, like Gecko) Chrome/36.0.1985.125 Safari/537.36" "-"
180.163.220.66 - - [18/Jun/2019:13:11:32 +0000] "GET /Public/theme/view4/css/style.css HTTP/1.1" 200 25456 "http://59.110.238.133/products_food.html" "Mozilla/5.0 (Windows NT 6.1) AppleWebKit/537.36 (KHTML, like Gecko) Chrome/36.0.1985.125 Safari/537.36" "-"
123.149.86.162 - - [18/Jun/2019:13:11:32 +0000] "GET /products_mall.html HTTP/1.1" 200 11532 "http://59.110.238.133/products_pay.html" "Mozilla/5.0 (Windows NT 10.0; WOW64) AppleWebKit/537.36 (KHTML, like Gecko) Chrome/69.0.3497.100 Safari/537.36" "-"
123.149.86.162 - - [18/Jun/2019:13:11:32 +0000] "GET /Public/theme/view4/css/qietu.css HTTP/1.1" 304 0 "http://59.110.238.133/products_mall.html" "Mozilla/5.0 (Windows NT 10.0; WOW64) AppleWebKit/537.36 (KHTML, like Gecko) Chrome/69.0.3497.100 Safari/537.36" "-"
123.149.86.162 - - [18/Jun/2019:13:11:32 +0000] "GET /Public/theme/view4/css/iconfont.css HTTP/1.1" 304 0 "http://59.110.238.133/products_mall.html" "Mozilla/5.0 (Windows NT 10.0; WOW64) AppleWebKit/537.36 (KHTML, like Gecko) Chrome/69.0.3497.100 Safari/537.36" "-"
123.149.86.162 - - [18/Jun/2019:13:11:32 +0000] "GET /Public/theme/view4/css/animate.min.css HTTP/1.1" 304 0 "http://59.110.238.133/products_mall.html" "Mozilla/5.0 (Windows NT 10.0; WOW64) AppleWebKit/537.36 (KHTML, like Gecko) Chrome/69.0.3497.100 Safari/537.36" "-"
123.149.86.162 - - [18/Jun/2019:13:11:32 +0000] "GET /Public/theme/view4/css/style.css HTTP/1.1" 304 0 "http://59.110.238.133/products_mall.html" "Mozilla/5.0 (Windows NT 10.0; WOW64) AppleWebKit/537.36 (KHTML, like Gecko) Chrome/69.0.3497.100 Safari/537.36" "-"
123.149.86.162 - - [18/Jun/2019:13:11:32 +0000] "GET /Public/theme/view4/images/logo.png HTTP/1.1" 304 0 "http://59.110.238.133/products_mall.html" "Mozilla/5.0 (Windows NT 10.0; WOW64) AppleWebKit/537.36 (KHTML, like Gecko) Chrome/69.0.3497.100 Safari/537.36" "-"
123.149.86.162 - - [18/Jun/2019:13:11:32 +0000] "GET /Public/theme/view4/css/responsive.css HTTP/1.1" 304 0 "http://59.110.238.133/products_mall.html" "Mozilla/5.0 (Windows NT 10.0; WOW64) AppleWebKit/537.36 (KHTML, like Gecko) Chrome/69.0.3497.100 Safari/537.36" "-"
180.163.220.5 - - [18/Jun/2019:13:11:32 +0000] "GET /Public/theme/view4/js/jquery-1.7.2.min.js HTTP/1.1" 200 94840 "http://59.110.238.133/products_food.html" "Mozilla/5.0 (Windows NT 6.1) AppleWebKit/537.36 (KHTML, like Gecko) Chrome/36.0.1985.125 Safari/537.36" "-"
123.149.86.162 - - [18/Jun/2019:13:11:32 +0000] "GET /Public/theme/view4/js/jquery-1.7.2.min.js HTTP/1.1" 304 0 "http://59.110.238.133/products_mall.html" "Mozilla/5.0 (Windows NT 10.0; WOW64) AppleWebKit/537.36 (KHTML, like Gecko) Chrome/69.0.3497.100 Safari/537.36" "-"
123.149.86.162 - - [18/Jun/2019:13:11:32 +0000] "GET /Public/theme/view4/js/app_common.js HTTP/1.1" 304 0 "http://59.110.238.133/products_mall.html" "Mozilla/5.0 (Windows NT 10.0; WOW64) AppleWebKit/537.36 (KHTML, like Gecko) Chrome/69.0.3497.100 Safari/537.36" "-"
123.149.86.162 - - [18/Jun/2019:13:11:32 +0000] "GET /Public/theme/view4/picture/img_38.png HTTP/1.1" 304 0 "http://59.110.238.133/products_mall.html" "Mozilla/5.0 (Windows NT 10.0; WOW64) AppleWebKit/537.36 (KHTML, like Gecko) Chrome/69.0.3497.100 Safari/537.36" "-"
123.149.86.162 - - [18/Jun/2019:13:11:32 +0000] "GET /Public/theme/view4/js/script.js HTTP/1.1" 304 0 "http://59.110.238.133/products_mall.html" "Mozilla/5.0 (Windows NT 10.0; WOW64) AppleWebKit/537.36 (KHTML, like Gecko) Chrome/69.0.3497.100 Safari/537.36" "-"
123.149.86.162 - - [18/Jun/2019:13:11:32 +0000] "GET /Public/theme/view4/js/wow.min.js HTTP/1.1" 304 0 "http://59.110.238.133/products_mall.html" "Mozilla/5.0 (Windows NT 10.0; WOW64) AppleWebKit/537.36 (KHTML, like Gecko) Chrome/69.0.3497.100 Safari/537.36" "-"
123.149.86.162 - - [18/Jun/2019:13:11:32 +0000] "GET /Public/theme/view4/fonts/001c2a3c2156433db429add067f0cc81.woff HTTP/1.1" 404 555 "http://59.110.238.133/Public/theme/view4/css/iconfont.css" "Mozilla/5.0 (Windows NT 10.0; WOW64) AppleWebKit/537.36 (KHTML, like Gecko) Chrome/69.0.3497.100 Safari/537.36" "-"
123.149.86.162 - - [18/Jun/2019:13:11:32 +0000] "GET /Public/theme/view4/picture/img_41.png HTTP/1.1" 304 0 "http://59.110.238.133/products_mall.html" "Mozilla/5.0 (Windows NT 10.0; WOW64) AppleWebKit/537.36 (KHTML, like Gecko) Chrome/69.0.3497.100 Safari/537.36" "-"
123.149.86.162 - - [18/Jun/2019:13:11:32 +0000] "GET /Public/theme/view4/picture/img_39.png HTTP/1.1" 304 0 "http://59.110.238.133/products_mall.html" "Mozilla/5.0 (Windows NT 10.0; WOW64) AppleWebKit/537.36 (KHTML, like Gecko) Chrome/69.0.3497.100 Safari/537.36" "-"
123.149.86.162 - - [18/Jun/2019:13:11:32 +0000] "GET /Public/theme/view4/picture/img_42.png HTTP/1.1" 304 0 "http://59.110.238.133/products_mall.html" "Mozilla/5.0 (Windows NT 10.0; WOW64) AppleWebKit/537.36 (KHTML, like Gecko) Chrome/69.0.3497.100 Safari/537.36" "-"
123.149.86.162 - - [18/Jun/2019:13:11:32 +0000] "GET /Public/theme/view4/picture/img_40.png HTTP/1.1" 304 0 "http://59.110.238.133/products_mall.html" "Mozilla/5.0 (Windows NT 10.0; WOW64) AppleWebKit/537.36 (KHTML, like Gecko) Chrome/69.0.3497.100 Safari/537.36" "-"
180.163.220.4 - - [18/Jun/2019:13:11:32 +0000] "GET /Public/theme/view4/js/app_common.js HTTP/1.1" 200 219 "http://59.110.238.133/products_food.html" "Mozilla/5.0 (Windows NT 6.1) AppleWebKit/537.36 (KHTML, like Gecko) Chrome/36.0.1985.125 Safari/537.36" "-"
180.163.220.5 - - [18/Jun/2019:13:11:32 +0000] "GET /Public/theme/view4/js/wow.min.js HTTP/1.1" 200 7057 "http://59.110.238.133/products_food.html" "Mozilla/5.0 (Windows NT 6.1) AppleWebKit/537.36 (KHTML, like Gecko) Chrome/36.0.1985.125 Safari/537.36" "-"
180.163.220.66 - - [18/Jun/2019:13:11:32 +0000] "GET /Public/theme/view4/js/script.js HTTP/1.1" 200 442 "http://59.110.238.133/products_food.html" "Mozilla/5.0 (Windows NT 6.1) AppleWebKit/537.36 (KHTML, like Gecko) Chrome/36.0.1985.125 Safari/537.36" "-"
180.163.220.5 - - [18/Jun/2019:13:11:32 +0000] "GET /Public/theme/view4/images/logo.png HTTP/1.1" 200 13149 "http://59.110.238.133/products_food.html" "Mozilla/5.0 (Windows NT 6.1) AppleWebKit/537.36 (KHTML, like Gecko) Chrome/36.0.1985.125 Safari/537.36" "-"
180.163.220.68 - - [18/Jun/2019:13:11:32 +0000] "GET /Public/theme/view4/picture/products_banner_food.png HTTP/1.1" 200 39088 "http://59.110.238.133/products_food.html" "Mozilla/5.0 (Windows NT 6.1) AppleWebKit/537.36 (KHTML, like Gecko) Chrome/36.0.1985.125 Safari/537.36" "-"
123.149.86.162 - - [18/Jun/2019:13:11:32 +0000] "GET /Public/theme/view4/picture/img_50.png HTTP/1.1" 304 0 "http://59.110.238.133/products_mall.html" "Mozilla/5.0 (Windows NT 10.0; WOW64) AppleWebKit/537.36 (KHTML, like Gecko) Chrome/69.0.3497.100 Safari/537.36" "-"
123.149.86.162 - - [18/Jun/2019:13:11:32 +0000] "GET /Public/theme/view4/picture/img_47.png HTTP/1.1" 304 0 "http://59.110.238.133/products_mall.html" "Mozilla/5.0 (Windows NT 10.0; WOW64) AppleWebKit/537.36 (KHTML, like Gecko) Chrome/69.0.3497.100 Safari/537.36" "-"
123.149.86.162 - - [18/Jun/2019:13:11:32 +0000] "GET /Public/theme/view4/picture/img_48.png HTTP/1.1" 304 0 "http://59.110.238.133/products_mall.html" "Mozilla/5.0 (Windows NT 10.0; WOW64) AppleWebKit/537.36 (KHTML, like Gecko) Chrome/69.0.3497.100 Safari/537.36" "-"
123.149.86.162 - - [18/Jun/2019:13:11:32 +0000] "GET /Public/theme/view4/picture/img_49.png HTTP/1.1" 304 0 "http://59.110.238.133/products_mall.html" "Mozilla/5.0 (Windows NT 10.0; WOW64) AppleWebKit/537.36 (KHTML, like Gecko) Chrome/69.0.3497.100 Safari/537.36" "-"
123.149.86.162 - - [18/Jun/2019:13:11:32 +0000] "GET /Public/theme/view4/picture/img_43.png HTTP/1.1" 304 0 "http://59.110.238.133/products_mall.html" "Mozilla/5.0 (Windows NT 10.0; WOW64) AppleWebKit/537.36 (KHTML, like Gecko) Chrome/69.0.3497.100 Safari/537.36" "-"
123.149.86.162 - - [18/Jun/2019:13:11:32 +0000] "GET /Public/theme/view4/images/banner-6.png HTTP/1.1" 304 0 "http://59.110.238.133/Public/theme/view4/css/style.css" "Mozilla/5.0 (Windows NT 10.0; WOW64) AppleWebKit/537.36 (KHTML, like Gecko) Chrome/69.0.3497.100 Safari/537.36" "-"
123.149.86.162 - - [18/Jun/2019:13:11:32 +0000] "GET /Public/theme/view4/picture/img_44.png HTTP/1.1" 304 0 "http://59.110.238.133/products_mall.html" "Mozilla/5.0 (Windows NT 10.0; WOW64) AppleWebKit/537.36 (KHTML, like Gecko) Chrome/69.0.3497.100 Safari/537.36" "-"
123.149.86.162 - - [18/Jun/2019:13:11:32 +0000] "GET /Public/theme/view4/picture/img_45.png HTTP/1.1" 304 0 "http://59.110.238.133/products_mall.html" "Mozilla/5.0 (Windows NT 10.0; WOW64) AppleWebKit/537.36 (KHTML, like Gecko) Chrome/69.0.3497.100 Safari/537.36" "-"
123.149.86.162 - - [18/Jun/2019:13:11:32 +0000] "GET /Public/theme/view4/picture/mobile.png HTTP/1.1" 304 0 "http://59.110.238.133/products_mall.html" "Mozilla/5.0 (Windows NT 10.0; WOW64) AppleWebKit/537.36 (KHTML, like Gecko) Chrome/69.0.3497.100 Safari/537.36" "-"
123.149.86.162 - - [18/Jun/2019:13:11:32 +0000] "GET /Public/theme/view4/images/img_25.png HTTP/1.1" 304 0 "http://59.110.238.133/Public/theme/view4/css/style.css" "Mozilla/5.0 (Windows NT 10.0; WOW64) AppleWebKit/537.36 (KHTML, like Gecko) Chrome/69.0.3497.100 Safari/537.36" "-"
180.163.220.5 - - [18/Jun/2019:13:11:32 +0000] "GET /Public/theme/view4/picture/img_38.png HTTP/1.1" 200 51497 "http://59.110.238.133/products_food.html" "Mozilla/5.0 (Windows NT 6.1) AppleWebKit/537.36 (KHTML, like Gecko) Chrome/36.0.1985.125 Safari/537.36" "-"
180.163.220.5 - - [18/Jun/2019:13:11:32 +0000] "GET /Public/theme/view4/picture/img_39.png HTTP/1.1" 200 6317 "http://59.110.238.133/products_food.html" "Mozilla/5.0 (Windows NT 6.1) AppleWebKit/537.36 (KHTML, like Gecko) Chrome/36.0.1985.125 Safari/537.36" "-"
180.163.220.4 - - [18/Jun/2019:13:11:32 +0000] "GET /Public/theme/view4/picture/img_41.png HTTP/1.1" 200 6159 "http://59.110.238.133/products_food.html" "Mozilla/5.0 (Windows NT 6.1) AppleWebKit/537.36 (KHTML, like Gecko) Chrome/36.0.1985.125 Safari/537.36" "-"
180.163.220.5 - - [18/Jun/2019:13:11:32 +0000] "GET /Public/theme/view4/picture/img_50.png HTTP/1.1" 200 65562 "http://59.110.238.133/products_food.html" "Mozilla/5.0 (Windows NT 6.1) AppleWebKit/537.36 (KHTML, like Gecko) Chrome/36.0.1985.125 Safari/537.36" "-"
180.163.220.68 - - [18/Jun/2019:13:11:32 +0000] "GET /Public/theme/view4/picture/img_42.png HTTP/1.1" 200 6564 "http://59.110.238.133/products_food.html" "Mozilla/5.0 (Windows NT 6.1) AppleWebKit/537.36 (KHTML, like Gecko) Chrome/36.0.1985.125 Safari/537.36" "-"
180.163.220.66 - - [18/Jun/2019:13:11:32 +0000] "GET /Public/theme/view4/picture/img_40.png HTTP/1.1" 200 9735 "http://59.110.238.133/products_food.html" "Mozilla/5.0 (Windows NT 6.1) AppleWebKit/537.36 (KHTML, like Gecko) Chrome/36.0.1985.125 Safari/537.36" "-"
123.149.86.162 - - [18/Jun/2019:13:11:32 +0000] "GET /Public/theme/view4/fonts/iconfont.ttf HTTP/1.1" 304 0 "http://59.110.238.133/Public/theme/view4/css/iconfont.css" "Mozilla/5.0 (Windows NT 10.0; WOW64) AppleWebKit/537.36 (KHTML, like Gecko) Chrome/69.0.3497.100 Safari/537.36" "-"
180.163.220.4 - - [18/Jun/2019:13:11:32 +0000] "GET /Public/theme/view4/picture/img_49.png HTTP/1.1" 200 20625 "http://59.110.238.133/products_food.html" "Mozilla/5.0 (Windows NT 6.1) AppleWebKit/537.36 (KHTML, like Gecko) Chrome/36.0.1985.125 Safari/537.36" "-"
180.163.220.66 - - [18/Jun/2019:13:11:32 +0000] "GET /Public/theme/view4/fonts/001c2a3c2156433db429add067f0cc81.woff HTTP/1.1" 404 555 "http://59.110.238.133/Public/theme/view4/css/iconfont.css" "Mozilla/5.0 (Windows NT 6.1) AppleWebKit/537.36 (KHTML, like Gecko) Chrome/36.0.1985.125 Safari/537.36" "-"
180.163.220.66 - - [18/Jun/2019:13:11:32 +0000] "GET /Public/theme/view4/picture/img_48.png HTTP/1.1" 200 47113 "http://59.110.238.133/products_food.html" "Mozilla/5.0 (Windows NT 6.1) AppleWebKit/537.36 (KHTML, like Gecko) Chrome/36.0.1985.125 Safari/537.36" "-"
180.163.220.68 - - [18/Jun/2019:13:11:32 +0000] "GET /Public/theme/view4/fonts/iconfont.ttf HTTP/1.1" 200 9720 "http://59.110.238.133/Public/theme/view4/css/iconfont.css" "Mozilla/5.0 (Windows NT 6.1) AppleWebKit/537.36 (KHTML, like Gecko) Chrome/36.0.1985.125 Safari/537.36" "-"
180.163.220.5 - - [18/Jun/2019:13:11:33 +0000] "GET /Public/theme/view4/images/banner-6.png HTTP/1.1" 200 117149 "http://59.110.238.133/Public/theme/view4/css/style.css" "Mozilla/5.0 (Windows NT 6.1) AppleWebKit/537.36 (KHTML, like Gecko) Chrome/36.0.1985.125 Safari/537.36" "-"
180.163.220.66 - - [18/Jun/2019:13:11:33 +0000] "GET /Public/theme/view4/picture/img_47.png HTTP/1.1" 200 68977 "http://59.110.238.133/products_food.html" "Mozilla/5.0 (Windows NT 6.1) AppleWebKit/537.36 (KHTML, like Gecko) Chrome/36.0.1985.125 Safari/537.36" "-"
180.163.220.68 - - [18/Jun/2019:13:11:33 +0000] "GET /Public/theme/view4/picture/img_43.png HTTP/1.1" 200 26441 "http://59.110.238.133/products_food.html" "Mozilla/5.0 (Windows NT 6.1) AppleWebKit/537.36 (KHTML, like Gecko) Chrome/36.0.1985.125 Safari/537.36" "-"
42.236.10.125 - - [18/Jun/2019:13:11:33 +0000] "GET /products_pay.html HTTP/1.1" 200 14067 "-" "Mozilla/5.0 (Windows NT 6.1) AppleWebKit/537.36 (KHTML, like Gecko) Chrome/36.0.1985.125 Safari/537.36" "-"
180.163.220.5 - - [18/Jun/2019:13:11:33 +0000] "GET /Public/theme/view4/picture/img_44.png HTTP/1.1" 200 37780 "http://59.110.238.133/products_food.html" "Mozilla/5.0 (Windows NT 6.1) AppleWebKit/537.36 (KHTML, like Gecko) Chrome/36.0.1985.125 Safari/537.36" "-"
123.149.86.162 - - [18/Jun/2019:13:11:33 +0000] "GET /Public/theme/view4/picture/products_banner_mall.png HTTP/1.1" 200 184707 "http://59.110.238.133/products_mall.html" "Mozilla/5.0 (Windows NT 10.0; WOW64) AppleWebKit/537.36 (KHTML, like Gecko) Chrome/69.0.3497.100 Safari/537.36" "-"
42.236.10.117 - - [18/Jun/2019:13:11:33 +0000] "GET /Public/theme/view4/css/responsive.css HTTP/1.1" 200 17009 "http://59.110.238.133/products_pay.html" "Mozilla/5.0 (Windows NT 6.1) AppleWebKit/537.36 (KHTML, like Gecko) Chrome/36.0.1985.125 Safari/537.36" "-"
42.236.10.125 - - [18/Jun/2019:13:11:33 +0000] "GET /Public/theme/view4/css/iconfont.css HTTP/1.1" 200 1959 "http://59.110.238.133/products_pay.html" "Mozilla/5.0 (Windows NT 6.1) AppleWebKit/537.36 (KHTML, like Gecko) Chrome/36.0.1985.125 Safari/537.36" "-"
42.236.10.117 - - [18/Jun/2019:13:11:33 +0000] "GET /Public/theme/view4/css/animate.min.css HTTP/1.1" 200 63674 "http://59.110.238.133/products_pay.html" "Mozilla/5.0 (Windows NT 6.1) AppleWebKit/537.36 (KHTML, like Gecko) Chrome/36.0.1985.125 Safari/537.36" "-"
42.236.10.125 - - [18/Jun/2019:13:11:33 +0000] "GET /Public/theme/view4/css/style.css HTTP/1.1" 200 25456 "http://59.110.238.133/products_pay.html" "Mozilla/5.0 (Windows NT 6.1) AppleWebKit/537.36 (KHTML, like Gecko) Chrome/36.0.1985.125 Safari/537.36" "-"
180.163.220.5 - - [18/Jun/2019:13:11:34 +0000] "GET /Public/theme/view4/picture/img_45.png HTTP/1.1" 200 44780 "http://59.110.238.133/products_food.html" "Mozilla/5.0 (Windows NT 6.1) AppleWebKit/537.36 (KHTML, like Gecko) Chrome/36.0.1985.125 Safari/537.36" "-"
180.163.220.4 - - [18/Jun/2019:13:11:34 +0000] "GET /Public/theme/view4/picture/mobile.png HTTP/1.1" 200 30085 "http://59.110.238.133/products_food.html" "Mozilla/5.0 (Windows NT 6.1) AppleWebKit/537.36 (KHTML, like Gecko) Chrome/36.0.1985.125 Safari/537.36" "-"
180.163.220.5 - - [18/Jun/2019:13:11:34 +0000] "GET /Public/theme/view4/images/img_25.png HTTP/1.1" 200 10152 "http://59.110.238.133/Public/theme/view4/css/style.css" "Mozilla/5.0 (Windows NT 6.1) AppleWebKit/537.36 (KHTML, like Gecko) Chrome/36.0.1985.125 Safari/537.36" "-"
42.236.10.125 - - [18/Jun/2019:13:11:34 +0000] "GET /Public/theme/view4/js/jquery-1.7.2.min.js HTTP/1.1" 200 94840 "http://59.110.238.133/products_pay.html" "Mozilla/5.0 (Windows NT 6.1) AppleWebKit/537.36 (KHTML, like Gecko) Chrome/36.0.1985.125 Safari/537.36" "-"
123.149.86.162 - - [18/Jun/2019:13:11:35 +0000] "GET /favicon.ico HTTP/1.1" 304 0 "http://59.110.238.133/products_mall.html" "Mozilla/5.0 (Windows NT 10.0; WOW64) AppleWebKit/537.36 (KHTML, like Gecko) Chrome/69.0.3497.100 Safari/537.36" "-"
123.149.86.162 - - [18/Jun/2019:13:11:35 +0000] "GET /products_mall.html HTTP/1.1" 304 0 "-" "Mozilla/5.0 (Windows NT 10.0; WOW64) AppleWebKit/537.36 (KHTML, like Gecko) Chrome/69.0.3497.100 Safari/537.36" "-"
42.236.10.117 - - [18/Jun/2019:13:11:35 +0000] "GET /Public/theme/view4/fonts/001c2a3c2156433db429add067f0cc81.woff HTTP/1.1" 404 555 "http://59.110.238.133/Public/theme/view4/css/iconfont.css" "Mozilla/5.0 (Windows NT 6.1) AppleWebKit/537.36 (KHTML, like Gecko) Chrome/36.0.1985.125 Safari/537.36" "-"
42.236.10.117 - - [18/Jun/2019:13:11:35 +0000] "GET /Public/theme/view4/js/script.js HTTP/1.1" 200 442 "http://59.110.238.133/products_pay.html" "Mozilla/5.0 (Windows NT 6.1) AppleWebKit/537.36 (KHTML, like Gecko) Chrome/36.0.1985.125 Safari/537.36" "-"
42.236.10.125 - - [18/Jun/2019:13:11:35 +0000] "GET /Public/theme/view4/js/wow.min.js HTTP/1.1" 200 7057 "http://59.110.238.133/products_pay.html" "Mozilla/5.0 (Windows NT 6.1) AppleWebKit/537.36 (KHTML, like Gecko) Chrome/36.0.1985.125 Safari/537.36" "-"
42.236.10.125 - - [18/Jun/2019:13:11:35 +0000] "GET /Public/theme/view4/js/app_common.js HTTP/1.1" 200 219 "http://59.110.238.133/products_pay.html" "Mozilla/5.0 (Windows NT 6.1) AppleWebKit/537.36 (KHTML, like Gecko) Chrome/36.0.1985.125 Safari/537.36" "-"
42.236.10.117 - - [18/Jun/2019:13:11:35 +0000] "GET /Public/theme/view4/picture/products_banner_pay.png HTTP/1.1" 200 89280 "http://59.110.238.133/products_pay.html" "Mozilla/5.0 (Windows NT 6.1) AppleWebKit/537.36 (KHTML, like Gecko) Chrome/36.0.1985.125 Safari/537.36" "-"
42.236.10.117 - - [18/Jun/2019:13:11:35 +0000] "GET /Public/theme/view4/picture/img_38.png HTTP/1.1" 200 51497 "http://59.110.238.133/products_pay.html" "Mozilla/5.0 (Windows NT 6.1) AppleWebKit/537.36 (KHTML, like Gecko) Chrome/36.0.1985.125 Safari/537.36" "-"
42.236.10.117 - - [18/Jun/2019:13:11:35 +0000] "GET /Public/theme/view4/picture/img_40.png HTTP/1.1" 200 9735 "http://59.110.238.133/products_pay.html" "Mozilla/5.0 (Windows NT 6.1) AppleWebKit/537.36 (KHTML, like Gecko) Chrome/36.0.1985.125 Safari/537.36" "-"
42.236.10.125 - - [18/Jun/2019:13:11:35 +0000] "GET /Public/theme/view4/picture/img_39.png HTTP/1.1" 200 6317 "http://59.110.238.133/products_pay.html" "Mozilla/5.0 (Windows NT 6.1) AppleWebKit/537.36 (KHTML, like Gecko) Chrome/36.0.1985.125 Safari/537.36" "-"
42.236.10.117 - - [18/Jun/2019:13:11:35 +0000] "GET /Public/theme/view4/picture/img_41.png HTTP/1.1" 200 6159 "http://59.110.238.133/products_pay.html" "Mozilla/5.0 (Windows NT 6.1) AppleWebKit/537.36 (KHTML, like Gecko) Chrome/36.0.1985.125 Safari/537.36" "-"
42.236.10.125 - - [18/Jun/2019:13:11:35 +0000] "GET /Public/theme/view4/picture/img_42.png HTTP/1.1" 200 6564 "http://59.110.238.133/products_pay.html" "Mozilla/5.0 (Windows NT 6.1) AppleWebKit/537.36 (KHTML, like Gecko) Chrome/36.0.1985.125 Safari/537.36" "-"
42.236.10.125 - - [18/Jun/2019:13:11:35 +0000] "GET /Public/theme/view4/picture/img_50.png HTTP/1.1" 200 65562 "http://59.110.238.133/products_pay.html" "Mozilla/5.0 (Windows NT 6.1) AppleWebKit/537.36 (KHTML, like Gecko) Chrome/36.0.1985.125 Safari/537.36" "-"
180.163.220.3 - - [18/Jun/2019:13:11:35 +0000] "GET /products_mall.html HTTP/1.1" 200 11532 "-" "Mozilla/5.0 (Windows NT 6.1) AppleWebKit/537.36 (KHTML, like Gecko) Chrome/36.0.1985.125 Safari/537.36" "-"
42.236.10.117 - - [18/Jun/2019:13:11:35 +0000] "GET /Public/theme/view4/picture/img_48.png HTTP/1.1" 200 47113 "http://59.110.238.133/products_pay.html" "Mozilla/5.0 (Windows NT 6.1) AppleWebKit/537.36 (KHTML, like Gecko) Chrome/36.0.1985.125 Safari/537.36" "-"
42.236.10.125 - - [18/Jun/2019:13:11:35 +0000] "GET /Public/theme/view4/picture/img_49.png HTTP/1.1" 200 20625 "http://59.110.238.133/products_pay.html" "Mozilla/5.0 (Windows NT 6.1) AppleWebKit/537.36 (KHTML, like Gecko) Chrome/36.0.1985.125 Safari/537.36" "-"
180.163.220.3 - - [18/Jun/2019:13:11:36 +0000] "GET /Public/theme/view4/css/qietu.css HTTP/1.1" 200 3309 "http://59.110.238.133/products_mall.html" "Mozilla/5.0 (Windows NT 6.1) AppleWebKit/537.36 (KHTML, like Gecko) Chrome/36.0.1985.125 Safari/537.36" "-"
42.236.10.125 - - [18/Jun/2019:13:11:37 +0000] "GET /Public/theme/view4/fonts/iconfont.ttf HTTP/1.1" 200 9720 "http://59.110.238.133/Public/theme/view4/css/iconfont.css" "Mozilla/5.0 (Windows NT 6.1) AppleWebKit/537.36 (KHTML, like Gecko) Chrome/36.0.1985.125 Safari/537.36" "-"
42.236.10.117 - - [18/Jun/2019:13:11:37 +0000] "GET /Public/theme/view4/images/banner-6.png HTTP/1.1" 200 117149 "http://59.110.238.133/Public/theme/view4/css/style.css" "Mozilla/5.0 (Windows NT 6.1) AppleWebKit/537.36 (KHTML, like Gecko) Chrome/36.0.1985.125 Safari/537.36" "-"
180.163.220.3 - - [18/Jun/2019:13:11:37 +0000] "GET /Public/theme/view4/css/iconfont.css HTTP/1.1" 200 1959 "http://59.110.238.133/products_mall.html" "Mozilla/5.0 (Windows NT 6.1) AppleWebKit/537.36 (KHTML, like Gecko) Chrome/36.0.1985.125 Safari/537.36" "-"
180.163.220.3 - - [18/Jun/2019:13:11:37 +0000] "GET /Public/theme/view4/css/animate.min.css HTTP/1.1" 200 63674 "http://59.110.238.133/products_mall.html" "Mozilla/5.0 (Windows NT 6.1) AppleWebKit/537.36 (KHTML, like Gecko) Chrome/36.0.1985.125 Safari/537.36" "-"
42.236.10.125 - - [18/Jun/2019:13:11:37 +0000] "GET /Public/theme/view4/picture/img_47.png HTTP/1.1" 200 68977 "http://59.110.238.133/products_pay.html" "Mozilla/5.0 (Windows NT 6.1) AppleWebKit/537.36 (KHTML, like Gecko) Chrome/36.0.1985.125 Safari/537.36" "-"
42.236.10.117 - - [18/Jun/2019:13:11:37 +0000] "GET /Public/theme/view4/picture/img_44.png HTTP/1.1" 200 37780 "http://59.110.238.133/products_pay.html" "Mozilla/5.0 (Windows NT 6.1) AppleWebKit/537.36 (KHTML, like Gecko) Chrome/36.0.1985.125 Safari/537.36" "-"
42.236.10.125 - - [18/Jun/2019:13:11:37 +0000] "GET /Public/theme/view4/picture/img_43.png HTTP/1.1" 200 26441 "http://59.110.238.133/products_pay.html" "Mozilla/5.0 (Windows NT 6.1) AppleWebKit/537.36 (KHTML, like Gecko) Chrome/36.0.1985.125 Safari/537.36" "-"
42.236.10.125 - - [18/Jun/2019:13:11:38 +0000] "GET /Public/theme/view4/picture/img_45.png HTTP/1.1" 200 44780 "http://59.110.238.133/products_pay.html" "Mozilla/5.0 (Windows NT 6.1) AppleWebKit/537.36 (KHTML, like Gecko) Chrome/36.0.1985.125 Safari/537.36" "-"
180.163.220.3 - - [18/Jun/2019:13:11:38 +0000] "GET /Public/theme/view4/css/responsive.css HTTP/1.1" 200 17009 "http://59.110.238.133/products_mall.html" "Mozilla/5.0 (Windows NT 6.1) AppleWebKit/537.36 (KHTML, like Gecko) Chrome/36.0.1985.125 Safari/537.36" "-"
180.163.220.3 - - [18/Jun/2019:13:11:38 +0000] "GET /Public/theme/view4/css/style.css HTTP/1.1" 200 25456 "http://59.110.238.133/products_mall.html" "Mozilla/5.0 (Windows NT 6.1) AppleWebKit/537.36 (KHTML, like Gecko) Chrome/36.0.1985.125 Safari/537.36" "-"
42.236.10.125 - - [18/Jun/2019:13:11:38 +0000] "GET /Public/theme/view4/picture/img_51.png HTTP/1.1" 200 31205 "http://59.110.238.133/products_pay.html" "Mozilla/5.0 (Windows NT 6.1) AppleWebKit/537.36 (KHTML, like Gecko) Chrome/36.0.1985.125 Safari/537.36" "-"
180.163.220.68 - - [18/Jun/2019:13:11:38 +0000] "GET /Public/theme/view4/js/jquery-1.7.2.min.js HTTP/1.1" 200 94840 "http://59.110.238.133/products_mall.html" "Mozilla/5.0 (Windows NT 6.1) AppleWebKit/537.36 (KHTML, like Gecko) Chrome/36.0.1985.125 Safari/537.36" "-"
180.163.220.3 - - [18/Jun/2019:13:11:38 +0000] "GET /Public/theme/view4/js/wow.min.js HTTP/1.1" 200 7057 "http://59.110.238.133/products_mall.html" "Mozilla/5.0 (Windows NT 6.1) AppleWebKit/537.36 (KHTML, like Gecko) Chrome/36.0.1985.125 Safari/537.36" "-"
180.163.220.3 - - [18/Jun/2019:13:11:38 +0000] "GET /Public/theme/view4/js/script.js HTTP/1.1" 200 442 "http://59.110.238.133/products_mall.html" "Mozilla/5.0 (Windows NT 6.1) AppleWebKit/537.36 (KHTML, like Gecko) Chrome/36.0.1985.125 Safari/537.36" "-"
180.163.220.5 - - [18/Jun/2019:13:11:38 +0000] "GET /Public/theme/view4/images/logo.png HTTP/1.1" 200 13149 "http://59.110.238.133/products_mall.html" "Mozilla/5.0 (Windows NT 6.1) AppleWebKit/537.36 (KHTML, like Gecko) Chrome/36.0.1985.125 Safari/537.36" "-"
180.163.220.3 - - [18/Jun/2019:13:11:38 +0000] "GET /Public/theme/view4/js/app_common.js HTTP/1.1" 200 219 "http://59.110.238.133/products_mall.html" "Mozilla/5.0 (Windows NT 6.1) AppleWebKit/537.36 (KHTML, like Gecko) Chrome/36.0.1985.125 Safari/537.36" "-"
42.236.10.117 - - [18/Jun/2019:13:11:39 +0000] "GET /Public/theme/view4/picture/img_52.png HTTP/1.1" 200 30620 "http://59.110.238.133/products_pay.html" "Mozilla/5.0 (Windows NT 6.1) AppleWebKit/537.36 (KHTML, like Gecko) Chrome/36.0.1985.125 Safari/537.36" "-"
180.163.220.3 - - [18/Jun/2019:13:11:39 +0000] "GET /Public/theme/view4/picture/products_banner_mall.png HTTP/1.1" 200 184707 "http://59.110.238.133/products_mall.html" "Mozilla/5.0 (Windows NT 6.1) AppleWebKit/537.36 (KHTML, like Gecko) Chrome/36.0.1985.125 Safari/537.36" "-"
42.236.10.117 - - [18/Jun/2019:13:11:40 +0000] "GET /Public/theme/view4/picture/mobile.png HTTP/1.1" 200 30085 "http://59.110.238.133/products_pay.html" "Mozilla/5.0 (Windows NT 6.1) AppleWebKit/537.36 (KHTML, like Gecko) Chrome/36.0.1985.125 Safari/537.36" "-"
42.236.10.125 - - [18/Jun/2019:13:11:40 +0000] "GET /Public/theme/view4/images/img_25.png HTTP/1.1" 200 10152 "http://59.110.238.133/Public/theme/view4/css/style.css" "Mozilla/5.0 (Windows NT 6.1) AppleWebKit/537.36 (KHTML, like Gecko) Chrome/36.0.1985.125 Safari/537.36" "-"
180.163.220.5 - - [18/Jun/2019:13:11:41 +0000] "GET /Public/theme/view4/picture/img_38.png HTTP/1.1" 200 51497 "http://59.110.238.133/products_mall.html" "Mozilla/5.0 (Windows NT 6.1) AppleWebKit/537.36 (KHTML, like Gecko) Chrome/36.0.1985.125 Safari/537.36" "-"
180.163.220.3 - - [18/Jun/2019:13:11:41 +0000] "GET /Public/theme/view4/picture/img_39.png HTTP/1.1" 200 6317 "http://59.110.238.133/products_mall.html" "Mozilla/5.0 (Windows NT 6.1) AppleWebKit/537.36 (KHTML, like Gecko) Chrome/36.0.1985.125 Safari/537.36" "-"
180.163.220.68 - - [18/Jun/2019:13:11:41 +0000] "GET /Public/theme/view4/fonts/001c2a3c2156433db429add067f0cc81.woff HTTP/1.1" 404 555 "http://59.110.238.133/Public/theme/view4/css/iconfont.css" "Mozilla/5.0 (Windows NT 6.1) AppleWebKit/537.36 (KHTML, like Gecko) Chrome/36.0.1985.125 Safari/537.36" "-"
180.163.220.68 - - [18/Jun/2019:13:11:43 +0000] "GET /Public/theme/view4/picture/img_40.png HTTP/1.1" 200 9735 "http://59.110.238.133/products_mall.html" "Mozilla/5.0 (Windows NT 6.1) AppleWebKit/537.36 (KHTML, like Gecko) Chrome/36.0.1985.125 Safari/537.36" "-"
180.163.220.3 - - [18/Jun/2019:13:11:45 +0000] "GET /Public/theme/view4/picture/img_41.png HTTP/1.1" 200 6159 "http://59.110.238.133/products_mall.html" "Mozilla/5.0 (Windows NT 6.1) AppleWebKit/537.36 (KHTML, like Gecko) Chrome/36.0.1985.125 Safari/537.36" "-"
180.163.220.5 - - [18/Jun/2019:13:11:45 +0000] "GET /Public/theme/view4/fonts/iconfont.ttf HTTP/1.1" 200 9720 "http://59.110.238.133/Public/theme/view4/css/iconfont.css" "Mozilla/5.0 (Windows NT 6.1) AppleWebKit/537.36 (KHTML, like Gecko) Chrome/36.0.1985.125 Safari/537.36" "-"
180.163.220.68 - - [18/Jun/2019:13:11:45 +0000] "GET /Public/theme/view4/picture/img_42.png HTTP/1.1" 200 6564 "http://59.110.238.133/products_mall.html" "Mozilla/5.0 (Windows NT 6.1) AppleWebKit/537.36 (KHTML, like Gecko) Chrome/36.0.1985.125 Safari/537.36" "-"
180.163.220.3 - - [18/Jun/2019:13:11:46 +0000] "GET /Public/theme/view4/images/banner-6.png HTTP/1.1" 200 117149 "http://59.110.238.133/Public/theme/view4/css/style.css" "Mozilla/5.0 (Windows NT 6.1) AppleWebKit/537.36 (KHTML, like Gecko) Chrome/36.0.1985.125 Safari/537.36" "-"
180.163.220.3 - - [18/Jun/2019:13:11:46 +0000] "GET /Public/theme/view4/picture/img_49.png HTTP/1.1" 200 20625 "http://59.110.238.133/products_mall.html" "Mozilla/5.0 (Windows NT 6.1) AppleWebKit/537.36 (KHTML, like Gecko) Chrome/36.0.1985.125 Safari/537.36" "-"
180.163.220.5 - - [18/Jun/2019:13:11:46 +0000] "GET /Public/theme/view4/picture/img_50.png HTTP/1.1" 200 65562 "http://59.110.238.133/products_mall.html" "Mozilla/5.0 (Windows NT 6.1) AppleWebKit/537.36 (KHTML, like Gecko) Chrome/36.0.1985.125 Safari/537.36" "-"
180.163.220.68 - - [18/Jun/2019:13:11:46 +0000] "GET /Public/theme/view4/picture/img_48.png HTTP/1.1" 200 47113 "http://59.110.238.133/products_mall.html" "Mozilla/5.0 (Windows NT 6.1) AppleWebKit/537.36 (KHTML, like Gecko) Chrome/36.0.1985.125 Safari/537.36" "-"
180.163.220.3 - - [18/Jun/2019:13:11:46 +0000] "GET /Public/theme/view4/picture/img_47.png HTTP/1.1" 200 68977 "http://59.110.238.133/products_mall.html" "Mozilla/5.0 (Windows NT 6.1) AppleWebKit/537.36 (KHTML, like Gecko) Chrome/36.0.1985.125 Safari/537.36" "-"
180.163.220.5 - - [18/Jun/2019:13:11:47 +0000] "GET /Public/theme/view4/picture/img_43.png HTTP/1.1" 200 26441 "http://59.110.238.133/products_mall.html" "Mozilla/5.0 (Windows NT 6.1) AppleWebKit/537.36 (KHTML, like Gecko) Chrome/36.0.1985.125 Safari/537.36" "-"
180.163.220.68 - - [18/Jun/2019:13:11:47 +0000] "GET /Public/theme/view4/picture/img_44.png HTTP/1.1" 200 37780 "http://59.110.238.133/products_mall.html" "Mozilla/5.0 (Windows NT 6.1) AppleWebKit/537.36 (KHTML, like Gecko) Chrome/36.0.1985.125 Safari/537.36" "-"
180.163.220.3 - - [18/Jun/2019:13:11:47 +0000] "GET /Public/theme/view4/picture/img_45.png HTTP/1.1" 200 44780 "http://59.110.238.133/products_mall.html" "Mozilla/5.0 (Windows NT 6.1) AppleWebKit/537.36 (KHTML, like Gecko) Chrome/36.0.1985.125 Safari/537.36" "-"
180.163.220.5 - - [18/Jun/2019:13:11:47 +0000] "GET /Public/theme/view4/picture/mobile.png HTTP/1.1" 200 30085 "http://59.110.238.133/products_mall.html" "Mozilla/5.0 (Windows NT 6.1) AppleWebKit/537.36 (KHTML, like Gecko) Chrome/36.0.1985.125 Safari/537.36" "-"
180.163.220.68 - - [18/Jun/2019:13:11:48 +0000] "GET /Public/theme/view4/images/img_25.png HTTP/1.1" 200 10152 "http://59.110.238.133/Public/theme/view4/css/style.css" "Mozilla/5.0 (Windows NT 6.1) AppleWebKit/537.36 (KHTML, like Gecko) Chrome/36.0.1985.125 Safari/537.36" "-"
180.163.220.3 - - [18/Jun/2019:13:11:49 +0000] "GET /products_pay.html HTTP/1.1" 200 14067 "-" "Mozilla/5.0 (Windows NT 6.1) AppleWebKit/537.36 (KHTML, like Gecko) Chrome/36.0.1985.125 Safari/537.36" "-"
180.163.220.3 - - [18/Jun/2019:13:11:53 +0000] "GET /Public/theme/view4/css/qietu.css HTTP/1.1" 200 3309 "http://59.110.238.133/products_pay.html" "Mozilla/5.0 (Windows NT 6.1) AppleWebKit/537.36 (KHTML, like Gecko) Chrome/36.0.1985.125 Safari/537.36" "-"
180.163.220.68 - - [18/Jun/2019:13:11:54 +0000] "GET /Public/theme/view4/css/iconfont.css HTTP/1.1" 200 1959 "http://59.110.238.133/products_pay.html" "Mozilla/5.0 (Windows NT 6.1) AppleWebKit/537.36 (KHTML, like Gecko) Chrome/36.0.1985.125 Safari/537.36" "-"
180.163.220.5 - - [18/Jun/2019:13:11:54 +0000] "GET /Public/theme/view4/css/animate.min.css HTTP/1.1" 200 63674 "http://59.110.238.133/products_pay.html" "Mozilla/5.0 (Windows NT 6.1) AppleWebKit/537.36 (KHTML, like Gecko) Chrome/36.0.1985.125 Safari/537.36" "-"
180.163.220.68 - - [18/Jun/2019:13:11:54 +0000] "GET /Public/theme/view4/css/style.css HTTP/1.1" 200 25456 "http://59.110.238.133/products_pay.html" "Mozilla/5.0 (Windows NT 6.1) AppleWebKit/537.36 (KHTML, like Gecko) Chrome/36.0.1985.125 Safari/537.36" "-"
180.163.220.3 - - [18/Jun/2019:13:11:54 +0000] "GET /Public/theme/view4/css/responsive.css HTTP/1.1" 200 17009 "http://59.110.238.133/products_pay.html" "Mozilla/5.0 (Windows NT 6.1) AppleWebKit/537.36 (KHTML, like Gecko) Chrome/36.0.1985.125 Safari/537.36" "-"
180.163.220.3 - - [18/Jun/2019:13:11:54 +0000] "GET /Public/theme/view4/images/logo.png HTTP/1.1" 200 13149 "http://59.110.238.133/products_pay.html" "Mozilla/5.0 (Windows NT 6.1) AppleWebKit/537.36 (KHTML, like Gecko) Chrome/36.0.1985.125 Safari/537.36" "-"
180.163.220.68 - - [18/Jun/2019:13:11:54 +0000] "GET /Public/theme/view4/js/jquery-1.7.2.min.js HTTP/1.1" 200 94840 "http://59.110.238.133/products_pay.html" "Mozilla/5.0 (Windows NT 6.1) AppleWebKit/537.36 (KHTML, like Gecko) Chrome/36.0.1985.125 Safari/537.36" "-"
180.163.220.5 - - [18/Jun/2019:13:11:55 +0000] "GET /Public/theme/view4/js/wow.min.js HTTP/1.1" 200 7057 "http://59.110.238.133/products_pay.html" "Mozilla/5.0 (Windows NT 6.1) AppleWebKit/537.36 (KHTML, like Gecko) Chrome/36.0.1985.125 Safari/537.36" "-"
180.163.220.3 - - [18/Jun/2019:13:11:55 +0000] "GET /Public/theme/view4/fonts/001c2a3c2156433db429add067f0cc81.woff HTTP/1.1" 404 555 "http://59.110.238.133/Public/theme/view4/css/iconfont.css" "Mozilla/5.0 (Windows NT 6.1) AppleWebKit/537.36 (KHTML, like Gecko) Chrome/36.0.1985.125 Safari/537.36" "-"
180.163.220.5 - - [18/Jun/2019:13:11:56 +0000] "GET /Public/theme/view4/picture/img_40.png HTTP/1.1" 200 9735 "http://59.110.238.133/products_pay.html" "Mozilla/5.0 (Windows NT 6.1) AppleWebKit/537.36 (KHTML, like Gecko) Chrome/36.0.1985.125 Safari/537.36" "-"
180.163.220.68 - - [18/Jun/2019:13:11:56 +0000] "GET /Public/theme/view4/picture/products_banner_pay.png HTTP/1.1" 200 89280 "http://59.110.238.133/products_pay.html" "Mozilla/5.0 (Windows NT 6.1) AppleWebKit/537.36 (KHTML, like Gecko) Chrome/36.0.1985.125 Safari/537.36" "-"
180.163.220.3 - - [18/Jun/2019:13:11:56 +0000] "GET /Public/theme/view4/picture/img_41.png HTTP/1.1" 200 6159 "http://59.110.238.133/products_pay.html" "Mozilla/5.0 (Windows NT 6.1) AppleWebKit/537.36 (KHTML, like Gecko) Chrome/36.0.1985.125 Safari/537.36" "-"
180.163.220.68 - - [18/Jun/2019:13:11:56 +0000] "GET /Public/theme/view4/picture/img_42.png HTTP/1.1" 200 6564 "http://59.110.238.133/products_pay.html" "Mozilla/5.0 (Windows NT 6.1) AppleWebKit/537.36 (KHTML, like Gecko) Chrome/36.0.1985.125 Safari/537.36" "-"
180.163.220.3 - - [18/Jun/2019:13:11:56 +0000] "GET /Public/theme/view4/picture/img_39.png HTTP/1.1" 200 6317 "http://59.110.238.133/products_pay.html" "Mozilla/5.0 (Windows NT 6.1) AppleWebKit/537.36 (KHTML, like Gecko) Chrome/36.0.1985.125 Safari/537.36" "-"
180.163.220.3 - - [18/Jun/2019:13:11:56 +0000] "GET /Public/theme/view4/images/banner-6.png HTTP/1.1" 200 117149 "http://59.110.238.133/Public/theme/view4/css/style.css" "Mozilla/5.0 (Windows NT 6.1) AppleWebKit/537.36 (KHTML, like Gecko) Chrome/36.0.1985.125 Safari/537.36" "-"
180.163.220.68 - - [18/Jun/2019:13:11:58 +0000] "GET /Public/theme/view4/js/script.js HTTP/1.1" 200 442 "http://59.110.238.133/products_pay.html" "Mozilla/5.0 (Windows NT 6.1) AppleWebKit/537.36 (KHTML, like Gecko) Chrome/36.0.1985.125 Safari/537.36" "-"
180.163.220.5 - - [18/Jun/2019:13:11:58 +0000] "GET /Public/theme/view4/fonts/iconfont.ttf HTTP/1.1" 200 9720 "http://59.110.238.133/Public/theme/view4/css/iconfont.css" "Mozilla/5.0 (Windows NT 6.1) AppleWebKit/537.36 (KHTML, like Gecko) Chrome/36.0.1985.125 Safari/537.36" "-"
180.163.220.3 - - [18/Jun/2019:13:11:58 +0000] "GET /Public/theme/view4/picture/img_38.png HTTP/1.1" 200 51497 "http://59.110.238.133/products_pay.html" "Mozilla/5.0 (Windows NT 6.1) AppleWebKit/537.36 (KHTML, like Gecko) Chrome/36.0.1985.125 Safari/537.36" "-"
180.163.220.3 - - [18/Jun/2019:13:12:00 +0000] "GET /Public/theme/view4/js/app_common.js HTTP/1.1" 200 219 "http://59.110.238.133/products_pay.html" "Mozilla/5.0 (Windows NT 6.1) AppleWebKit/537.36 (KHTML, like Gecko) Chrome/36.0.1985.125 Safari/537.36" "-"
180.163.220.5 - - [18/Jun/2019:13:12:01 +0000] "GET /Public/theme/view4/picture/img_50.png HTTP/1.1" 200 65562 "http://59.110.238.133/products_pay.html" "Mozilla/5.0 (Windows NT 6.1) AppleWebKit/537.36 (KHTML, like Gecko) Chrome/36.0.1985.125 Safari/537.36" "-"
180.163.220.68 - - [18/Jun/2019:13:12:04 +0000] "GET /Public/theme/view4/picture/img_49.png HTTP/1.1" 200 20625 "http://59.110.238.133/products_pay.html" "Mozilla/5.0 (Windows NT 6.1) AppleWebKit/537.36 (KHTML, like Gecko) Chrome/36.0.1985.125 Safari/537.36" "-"
180.163.220.4 - - [18/Jun/2019:13:12:05 +0000] "GET /Public/theme/view4/picture/img_48.png HTTP/1.1" 200 47113 "http://59.110.238.133/products_pay.html" "Mozilla/5.0 (Windows NT 6.1) AppleWebKit/537.36 (KHTML, like Gecko) Chrome/36.0.1985.125 Safari/537.36" "-"
180.163.220.4 - - [18/Jun/2019:13:12:07 +0000] "GET /Public/theme/view4/picture/img_47.png HTTP/1.1" 200 68977 "http://59.110.238.133/products_pay.html" "Mozilla/5.0 (Windows NT 6.1) AppleWebKit/537.36 (KHTML, like Gecko) Chrome/36.0.1985.125 Safari/537.36" "-"
180.163.220.4 - - [18/Jun/2019:13:12:07 +0000] "GET /Public/theme/view4/picture/img_43.png HTTP/1.1" 200 26441 "http://59.110.238.133/products_pay.html" "Mozilla/5.0 (Windows NT 6.1) AppleWebKit/537.36 (KHTML, like Gecko) Chrome/36.0.1985.125 Safari/537.36" "-"
180.163.220.4 - - [18/Jun/2019:13:12:09 +0000] "GET /Public/theme/view4/picture/img_44.png HTTP/1.1" 200 37780 "http://59.110.238.133/products_pay.html" "Mozilla/5.0 (Windows NT 6.1) AppleWebKit/537.36 (KHTML, like Gecko) Chrome/36.0.1985.125 Safari/537.36" "-"
180.163.220.66 - - [18/Jun/2019:13:12:12 +0000] "GET /Public/theme/view4/picture/img_45.png HTTP/1.1" 200 44780 "http://59.110.238.133/products_pay.html" "Mozilla/5.0 (Windows NT 6.1) AppleWebKit/537.36 (KHTML, like Gecko) Chrome/36.0.1985.125 Safari/537.36" "-"
180.163.220.66 - - [18/Jun/2019:13:12:14 +0000] "GET /Public/theme/view4/picture/img_51.png HTTP/1.1" 200 31205 "http://59.110.238.133/products_pay.html" "Mozilla/5.0 (Windows NT 6.1) AppleWebKit/537.36 (KHTML, like Gecko) Chrome/36.0.1985.125 Safari/537.36" "-"
180.163.220.66 - - [18/Jun/2019:13:12:15 +0000] "GET /Public/theme/view4/picture/img_52.png HTTP/1.1" 200 30620 "http://59.110.238.133/products_pay.html" "Mozilla/5.0 (Windows NT 6.1) AppleWebKit/537.36 (KHTML, like Gecko) Chrome/36.0.1985.125 Safari/537.36" "-"
123.149.86.162 - - [18/Jun/2019:13:12:30 +0000] "GET /products_mall.html HTTP/1.1" 304 0 "http://59.110.238.133/products_mall.html" "Mozilla/5.0 (Windows NT 10.0; WOW64) AppleWebKit/537.36 (KHTML, like Gecko) Chrome/69.0.3497.100 Safari/537.36" "-"
123.149.86.162 - - [18/Jun/2019:13:12:30 +0000] "GET /Public/theme/view4/css/qietu.css HTTP/1.1" 304 0 "http://59.110.238.133/products_mall.html" "Mozilla/5.0 (Windows NT 10.0; WOW64) AppleWebKit/537.36 (KHTML, like Gecko) Chrome/69.0.3497.100 Safari/537.36" "-"
123.149.86.162 - - [18/Jun/2019:13:12:30 +0000] "GET /Public/theme/view4/css/iconfont.css HTTP/1.1" 304 0 "http://59.110.238.133/products_mall.html" "Mozilla/5.0 (Windows NT 10.0; WOW64) AppleWebKit/537.36 (KHTML, like Gecko) Chrome/69.0.3497.100 Safari/537.36" "-"
123.149.86.162 - - [18/Jun/2019:13:12:30 +0000] "GET /Public/theme/view4/css/style.css HTTP/1.1" 304 0 "http://59.110.238.133/products_mall.html" "Mozilla/5.0 (Windows NT 10.0; WOW64) AppleWebKit/537.36 (KHTML, like Gecko) Chrome/69.0.3497.100 Safari/537.36" "-"
123.149.86.162 - - [18/Jun/2019:13:12:30 +0000] "GET /Public/theme/view4/css/animate.min.css HTTP/1.1" 304 0 "http://59.110.238.133/products_mall.html" "Mozilla/5.0 (Windows NT 10.0; WOW64) AppleWebKit/537.36 (KHTML, like Gecko) Chrome/69.0.3497.100 Safari/537.36" "-"
123.149.86.162 - - [18/Jun/2019:13:12:30 +0000] "GET /Public/theme/view4/images/logo.png HTTP/1.1" 304 0 "http://59.110.238.133/products_mall.html" "Mozilla/5.0 (Windows NT 10.0; WOW64) AppleWebKit/537.36 (KHTML, like Gecko) Chrome/69.0.3497.100 Safari/537.36" "-"
123.149.86.162 - - [18/Jun/2019:13:12:30 +0000] "GET /Public/theme/view4/css/responsive.css HTTP/1.1" 304 0 "http://59.110.238.133/products_mall.html" "Mozilla/5.0 (Windows NT 10.0; WOW64) AppleWebKit/537.36 (KHTML, like Gecko) Chrome/69.0.3497.100 Safari/537.36" "-"
123.149.86.162 - - [18/Jun/2019:13:12:30 +0000] "GET /Public/theme/view4/picture/products_banner_mall.png HTTP/1.1" 304 0 "http://59.110.238.133/products_mall.html" "Mozilla/5.0 (Windows NT 10.0; WOW64) AppleWebKit/537.36 (KHTML, like Gecko) Chrome/69.0.3497.100 Safari/537.36" "-"
123.149.86.162 - - [18/Jun/2019:13:12:30 +0000] "GET /Public/theme/view4/js/jquery-1.7.2.min.js HTTP/1.1" 304 0 "http://59.110.238.133/products_mall.html" "Mozilla/5.0 (Windows NT 10.0; WOW64) AppleWebKit/537.36 (KHTML, like Gecko) Chrome/69.0.3497.100 Safari/537.36" "-"
123.149.86.162 - - [18/Jun/2019:13:12:30 +0000] "GET /Public/theme/view4/js/wow.min.js HTTP/1.1" 304 0 "http://59.110.238.133/products_mall.html" "Mozilla/5.0 (Windows NT 10.0; WOW64) AppleWebKit/537.36 (KHTML, like Gecko) Chrome/69.0.3497.100 Safari/537.36" "-"
123.149.86.162 - - [18/Jun/2019:13:12:30 +0000] "GET /Public/theme/view4/js/script.js HTTP/1.1" 304 0 "http://59.110.238.133/products_mall.html" "Mozilla/5.0 (Windows NT 10.0; WOW64) AppleWebKit/537.36 (KHTML, like Gecko) Chrome/69.0.3497.100 Safari/537.36" "-"
123.149.86.162 - - [18/Jun/2019:13:12:30 +0000] "GET /Public/theme/view4/picture/img_38.png HTTP/1.1" 304 0 "http://59.110.238.133/products_mall.html" "Mozilla/5.0 (Windows NT 10.0; WOW64) AppleWebKit/537.36 (KHTML, like Gecko) Chrome/69.0.3497.100 Safari/537.36" "-"
123.149.86.162 - - [18/Jun/2019:13:12:30 +0000] "GET /Public/theme/view4/js/app_common.js HTTP/1.1" 304 0 "http://59.110.238.133/products_mall.html" "Mozilla/5.0 (Windows NT 10.0; WOW64) AppleWebKit/537.36 (KHTML, like Gecko) Chrome/69.0.3497.100 Safari/537.36" "-"
123.149.86.162 - - [18/Jun/2019:13:12:30 +0000] "GET /Public/theme/view4/picture/img_39.png HTTP/1.1" 304 0 "http://59.110.238.133/products_mall.html" "Mozilla/5.0 (Windows NT 10.0; WOW64) AppleWebKit/537.36 (KHTML, like Gecko) Chrome/69.0.3497.100 Safari/537.36" "-"
123.149.86.162 - - [18/Jun/2019:13:12:30 +0000] "GET /Public/theme/view4/picture/img_40.png HTTP/1.1" 304 0 "http://59.110.238.133/products_mall.html" "Mozilla/5.0 (Windows NT 10.0; WOW64) AppleWebKit/537.36 (KHTML, like Gecko) Chrome/69.0.3497.100 Safari/537.36" "-"
123.149.86.162 - - [18/Jun/2019:13:12:30 +0000] "GET /Public/theme/view4/picture/img_49.png HTTP/1.1" 304 0 "http://59.110.238.133/products_mall.html" "Mozilla/5.0 (Windows NT 10.0; WOW64) AppleWebKit/537.36 (KHTML, like Gecko) Chrome/69.0.3497.100 Safari/537.36" "-"
123.149.86.162 - - [18/Jun/2019:13:12:30 +0000] "GET /Public/theme/view4/picture/img_42.png HTTP/1.1" 304 0 "http://59.110.238.133/products_mall.html" "Mozilla/5.0 (Windows NT 10.0; WOW64) AppleWebKit/537.36 (KHTML, like Gecko) Chrome/69.0.3497.100 Safari/537.36" "-"
123.149.86.162 - - [18/Jun/2019:13:12:30 +0000] "GET /Public/theme/view4/picture/img_41.png HTTP/1.1" 304 0 "http://59.110.238.133/products_mall.html" "Mozilla/5.0 (Windows NT 10.0; WOW64) AppleWebKit/537.36 (KHTML, like Gecko) Chrome/69.0.3497.100 Safari/537.36" "-"
123.149.86.162 - - [18/Jun/2019:13:12:30 +0000] "GET /Public/theme/view4/picture/img_50.png HTTP/1.1" 304 0 "http://59.110.238.133/products_mall.html" "Mozilla/5.0 (Windows NT 10.0; WOW64) AppleWebKit/537.36 (KHTML, like Gecko) Chrome/69.0.3497.100 Safari/537.36" "-"
123.149.86.162 - - [18/Jun/2019:13:12:30 +0000] "GET /Public/theme/view4/picture/img_48.png HTTP/1.1" 304 0 "http://59.110.238.133/products_mall.html" "Mozilla/5.0 (Windows NT 10.0; WOW64) AppleWebKit/537.36 (KHTML, like Gecko) Chrome/69.0.3497.100 Safari/537.36" "-"
123.149.86.162 - - [18/Jun/2019:13:12:30 +0000] "GET /Public/theme/view4/picture/img_47.png HTTP/1.1" 304 0 "http://59.110.238.133/products_mall.html" "Mozilla/5.0 (Windows NT 10.0; WOW64) AppleWebKit/537.36 (KHTML, like Gecko) Chrome/69.0.3497.100 Safari/537.36" "-"
123.149.86.162 - - [18/Jun/2019:13:12:30 +0000] "GET /Public/theme/view4/picture/img_43.png HTTP/1.1" 304 0 "http://59.110.238.133/products_mall.html" "Mozilla/5.0 (Windows NT 10.0; WOW64) AppleWebKit/537.36 (KHTML, like Gecko) Chrome/69.0.3497.100 Safari/537.36" "-"
123.149.86.162 - - [18/Jun/2019:13:12:30 +0000] "GET /Public/theme/view4/picture/img_44.png HTTP/1.1" 304 0 "http://59.110.238.133/products_mall.html" "Mozilla/5.0 (Windows NT 10.0; WOW64) AppleWebKit/537.36 (KHTML, like Gecko) Chrome/69.0.3497.100 Safari/537.36" "-"
123.149.86.162 - - [18/Jun/2019:13:12:30 +0000] "GET /Public/theme/view4/picture/img_45.png HTTP/1.1" 304 0 "http://59.110.238.133/products_mall.html" "Mozilla/5.0 (Windows NT 10.0; WOW64) AppleWebKit/537.36 (KHTML, like Gecko) Chrome/69.0.3497.100 Safari/537.36" "-"
123.149.86.162 - - [18/Jun/2019:13:12:30 +0000] "GET /Public/theme/view4/picture/mobile.png HTTP/1.1" 304 0 "http://59.110.238.133/products_mall.html" "Mozilla/5.0 (Windows NT 10.0; WOW64) AppleWebKit/537.36 (KHTML, like Gecko) Chrome/69.0.3497.100 Safari/537.36" "-"
123.149.86.162 - - [18/Jun/2019:13:12:30 +0000] "GET /Public/theme/view4/images/img_25.png HTTP/1.1" 304 0 "http://59.110.238.133/Public/theme/view4/css/style.css" "Mozilla/5.0 (Windows NT 10.0; WOW64) AppleWebKit/537.36 (KHTML, like Gecko) Chrome/69.0.3497.100 Safari/537.36" "-"
123.149.86.162 - - [18/Jun/2019:13:12:30 +0000] "GET /Public/theme/view4/images/banner-6.png HTTP/1.1" 304 0 "http://59.110.238.133/Public/theme/view4/css/style.css" "Mozilla/5.0 (Windows NT 10.0; WOW64) AppleWebKit/537.36 (KHTML, like Gecko) Chrome/69.0.3497.100 Safari/537.36" "-"
123.149.86.162 - - [18/Jun/2019:13:12:30 +0000] "GET /Public/theme/view4/fonts/001c2a3c2156433db429add067f0cc81.woff HTTP/1.1" 404 555 "http://59.110.238.133/Public/theme/view4/css/iconfont.css" "Mozilla/5.0 (Windows NT 10.0; WOW64) AppleWebKit/537.36 (KHTML, like Gecko) Chrome/69.0.3497.100 Safari/537.36" "-"
123.149.86.162 - - [18/Jun/2019:13:12:31 +0000] "GET /Public/theme/view4/fonts/iconfont.ttf HTTP/1.1" 304 0 "http://59.110.238.133/Public/theme/view4/css/iconfont.css" "Mozilla/5.0 (Windows NT 10.0; WOW64) AppleWebKit/537.36 (KHTML, like Gecko) Chrome/69.0.3497.100 Safari/537.36" "-"
123.149.86.162 - - [18/Jun/2019:13:12:32 +0000] "GET /products_secret.html HTTP/1.1" 200 5981 "http://59.110.238.133/products_mall.html" "Mozilla/5.0 (Windows NT 10.0; WOW64) AppleWebKit/537.36 (KHTML, like Gecko) Chrome/69.0.3497.100 Safari/537.36" "-"
123.149.86.162 - - [18/Jun/2019:13:12:32 +0000] "GET /Public/theme/view4/picture/products_banner_secret.png HTTP/1.1" 200 122742 "http://59.110.238.133/products_secret.html" "Mozilla/5.0 (Windows NT 10.0; WOW64) AppleWebKit/537.36 (KHTML, like Gecko) Chrome/69.0.3497.100 Safari/537.36" "-"
